{
  "title": "",
  "ctx": null,
  "suites": [
    {
      "title": "Generic Test Suite",
      "ctx": null,
      "suites": [
        {
          "title": "example-sdk",
          "ctx": null,
          "suites": [],
          "tests": [
            {
              "type": "test",
              "title": "Requirement 1: The credential must have a valid identifier (Valid)",
              "body": "async function() {\n          if (!features[requiredFeature]) {\n            console.log(`Skipping test \"${testName}\" for ${i.name} due to missing feature: ${requiredFeature}`);\n            this.skip();\n            return;\n          }\n\n          console.log(`Running test: ${testName} for implementation: ${i.name}`);\n          await generateTestResults(i.name, testConfig);\n          this.test.cell = {columnId: i.name, rowId: testName};\n          const result = await checkTestResults(i.name, testConfig);\n          console.log(`Test result for ${i.name} - ${testName}: ${result}`);\n          should.equal(result, testConfig.expected_result);\n\n          // Log the test result in a format that matches the report generator's expectations\n          console.log(`Reporter data: ${this.test.cell.columnId},${this.test.cell.rowId},${result}`);\n        }",
              "async": 0,
              "sync": true,
              "_timeout": 150000,
              "_slow": 75,
              "_retries": -1,
              "timedOut": false,
              "_currentRetry": 0,
              "pending": false,
              "file": "/home/runner/work/vc-test-suite-template/vc-test-suite-template/tests/test-runner.js",
              "parent": "TZkPMYSyz27xBYmPHpfa0",
              "ctx": null,
              "_testId": "urn:uuid:e0cdacbc-d5af-4e0b-9f75-098507a9f9f8",
              "_events": {},
              "_eventsCount": 1,
              "timer": {
                "_idleTimeout": -1,
                "_idlePrev": null,
                "_idleNext": null,
                "_idleStart": 223,
                "_onTimeout": null,
                "_repeat": null,
                "_destroyed": true
              },
              "cell": {
                "columnId": "example-sdk",
                "rowId": "Requirement 1: The credential must have a valid identifier (Valid)"
              },
              "duration": 196,
              "state": "failed",
              "err": {
                "name": "AssertionError",
                "message": "expected 'error' to equal 'success'",
                "showDiff": true,
                "actual": "error",
                "expected": "success",
                "operator": "strictEqual",
                "stack": "AssertionError: expected 'error' to equal 'success'\n    at should.equal (node_modules/chai/lib/chai/interface/should.js:98:35)\n    at Context.<anonymous> (file:///home/runner/work/vc-test-suite-template/vc-test-suite-template/tests/test-runner.js:41:18)"
              }
            },
            {
              "type": "test",
              "title": "Requirement 1: The credential must have a valid identifier (Invalid)",
              "body": "async function() {\n          if (!features[requiredFeature]) {\n            console.log(`Skipping test \"${testName}\" for ${i.name} due to missing feature: ${requiredFeature}`);\n            this.skip();\n            return;\n          }\n\n          console.log(`Running test: ${testName} for implementation: ${i.name}`);\n          await generateTestResults(i.name, testConfig);\n          this.test.cell = {columnId: i.name, rowId: testName};\n          const result = await checkTestResults(i.name, testConfig);\n          console.log(`Test result for ${i.name} - ${testName}: ${result}`);\n          should.equal(result, testConfig.expected_result);\n\n          // Log the test result in a format that matches the report generator's expectations\n          console.log(`Reporter data: ${this.test.cell.columnId},${this.test.cell.rowId},${result}`);\n        }",
              "async": 0,
              "sync": true,
              "_timeout": 150000,
              "_slow": 75,
              "_retries": -1,
              "timedOut": false,
              "_currentRetry": 0,
              "pending": false,
              "file": "/home/runner/work/vc-test-suite-template/vc-test-suite-template/tests/test-runner.js",
              "parent": "TZkPMYSyz27xBYmPHpfa0",
              "ctx": null,
              "_testId": "urn:uuid:cc0470dc-3017-4afe-8553-f6cc5608a82f",
              "_events": {},
              "_eventsCount": 1,
              "timer": {
                "_idleTimeout": -1,
                "_idlePrev": null,
                "_idleNext": null,
                "_idleStart": 416,
                "_onTimeout": null,
                "_repeat": null,
                "_destroyed": true
              },
              "cell": {
                "columnId": "example-sdk",
                "rowId": "Requirement 1: The credential must have a valid identifier (Invalid)"
              },
              "duration": 190,
              "state": "failed",
              "err": {
                "name": "AssertionError",
                "message": "expected 'error' to equal 'failure'",
                "showDiff": true,
                "actual": "error",
                "expected": "failure",
                "operator": "strictEqual",
                "stack": "AssertionError: expected 'error' to equal 'failure'\n    at should.equal (node_modules/chai/lib/chai/interface/should.js:98:35)\n    at Context.<anonymous> (file:///home/runner/work/vc-test-suite-template/vc-test-suite-template/tests/test-runner.js:41:18)"
              }
            },
            {
              "type": "test",
              "title": "Requirement 2: The credential must have the correct type (Valid)",
              "body": "async function() {\n          if (!features[requiredFeature]) {\n            console.log(`Skipping test \"${testName}\" for ${i.name} due to missing feature: ${requiredFeature}`);\n            this.skip();\n            return;\n          }\n\n          console.log(`Running test: ${testName} for implementation: ${i.name}`);\n          await generateTestResults(i.name, testConfig);\n          this.test.cell = {columnId: i.name, rowId: testName};\n          const result = await checkTestResults(i.name, testConfig);\n          console.log(`Test result for ${i.name} - ${testName}: ${result}`);\n          should.equal(result, testConfig.expected_result);\n\n          // Log the test result in a format that matches the report generator's expectations\n          console.log(`Reporter data: ${this.test.cell.columnId},${this.test.cell.rowId},${result}`);\n        }",
              "async": 0,
              "sync": true,
              "_timeout": 150000,
              "_slow": 75,
              "_retries": -1,
              "timedOut": false,
              "_currentRetry": 0,
              "pending": false,
              "file": "/home/runner/work/vc-test-suite-template/vc-test-suite-template/tests/test-runner.js",
              "parent": "TZkPMYSyz27xBYmPHpfa0",
              "ctx": null,
              "_testId": "urn:uuid:d92b672a-d6aa-466b-a33c-f32cec5a5c71",
              "_events": {},
              "_eventsCount": 1,
              "timer": {
                "_idleTimeout": -1,
                "_idlePrev": null,
                "_idleNext": null,
                "_idleStart": 609,
                "_onTimeout": null,
                "_repeat": null,
                "_destroyed": true
              },
              "cell": {
                "columnId": "example-sdk",
                "rowId": "Requirement 2: The credential must have the correct type (Valid)"
              },
              "duration": 193,
              "state": "failed",
              "err": {
                "name": "AssertionError",
                "message": "expected 'error' to equal 'success'",
                "showDiff": true,
                "actual": "error",
                "expected": "success",
                "operator": "strictEqual",
                "stack": "AssertionError: expected 'error' to equal 'success'\n    at should.equal (node_modules/chai/lib/chai/interface/should.js:98:35)\n    at Context.<anonymous> (file:///home/runner/work/vc-test-suite-template/vc-test-suite-template/tests/test-runner.js:41:18)"
              }
            },
            {
              "type": "test",
              "title": "Requirement 2: The credential must have the correct type (Invalid)",
              "body": "async function() {\n          if (!features[requiredFeature]) {\n            console.log(`Skipping test \"${testName}\" for ${i.name} due to missing feature: ${requiredFeature}`);\n            this.skip();\n            return;\n          }\n\n          console.log(`Running test: ${testName} for implementation: ${i.name}`);\n          await generateTestResults(i.name, testConfig);\n          this.test.cell = {columnId: i.name, rowId: testName};\n          const result = await checkTestResults(i.name, testConfig);\n          console.log(`Test result for ${i.name} - ${testName}: ${result}`);\n          should.equal(result, testConfig.expected_result);\n\n          // Log the test result in a format that matches the report generator's expectations\n          console.log(`Reporter data: ${this.test.cell.columnId},${this.test.cell.rowId},${result}`);\n        }",
              "async": 0,
              "sync": true,
              "_timeout": 150000,
              "_slow": 75,
              "_retries": -1,
              "timedOut": false,
              "_currentRetry": 0,
              "pending": false,
              "file": "/home/runner/work/vc-test-suite-template/vc-test-suite-template/tests/test-runner.js",
              "parent": "TZkPMYSyz27xBYmPHpfa0",
              "ctx": null,
              "_testId": "urn:uuid:4c98eb6a-9fbd-440a-aef6-69506a311320",
              "_events": {},
              "_eventsCount": 1,
              "timer": {
                "_idleTimeout": -1,
                "_idlePrev": null,
                "_idleNext": null,
                "_idleStart": 798,
                "_onTimeout": null,
                "_repeat": null,
                "_destroyed": true
              },
              "cell": {
                "columnId": "example-sdk",
                "rowId": "Requirement 2: The credential must have the correct type (Invalid)"
              },
              "duration": 189,
              "state": "failed",
              "err": {
                "name": "AssertionError",
                "message": "expected 'error' to equal 'failure'",
                "showDiff": true,
                "actual": "error",
                "expected": "failure",
                "operator": "strictEqual",
                "stack": "AssertionError: expected 'error' to equal 'failure'\n    at should.equal (node_modules/chai/lib/chai/interface/should.js:98:35)\n    at Context.<anonymous> (file:///home/runner/work/vc-test-suite-template/vc-test-suite-template/tests/test-runner.js:41:18)"
              }
            },
            {
              "type": "test",
              "title": "Requirement 3: The credential must have a valid issuance date (Valid)",
              "body": "async function() {\n          if (!features[requiredFeature]) {\n            console.log(`Skipping test \"${testName}\" for ${i.name} due to missing feature: ${requiredFeature}`);\n            this.skip();\n            return;\n          }\n\n          console.log(`Running test: ${testName} for implementation: ${i.name}`);\n          await generateTestResults(i.name, testConfig);\n          this.test.cell = {columnId: i.name, rowId: testName};\n          const result = await checkTestResults(i.name, testConfig);\n          console.log(`Test result for ${i.name} - ${testName}: ${result}`);\n          should.equal(result, testConfig.expected_result);\n\n          // Log the test result in a format that matches the report generator's expectations\n          console.log(`Reporter data: ${this.test.cell.columnId},${this.test.cell.rowId},${result}`);\n        }",
              "async": 0,
              "sync": true,
              "_timeout": 150000,
              "_slow": 75,
              "_retries": -1,
              "timedOut": false,
              "_currentRetry": 0,
              "pending": false,
              "file": "/home/runner/work/vc-test-suite-template/vc-test-suite-template/tests/test-runner.js",
              "parent": "TZkPMYSyz27xBYmPHpfa0",
              "ctx": null,
              "_testId": "urn:uuid:a0cdae2b-7466-4de9-a9cd-b3b50088672d",
              "_events": {},
              "_eventsCount": 1,
              "timer": {
                "_idleTimeout": -1,
                "_idlePrev": null,
                "_idleNext": null,
                "_idleStart": 986,
                "_onTimeout": null,
                "_repeat": null,
                "_destroyed": true
              },
              "cell": {
                "columnId": "example-sdk",
                "rowId": "Requirement 3: The credential must have a valid issuance date (Valid)"
              },
              "duration": 189,
              "state": "failed",
              "err": {
                "name": "AssertionError",
                "message": "expected 'error' to equal 'success'",
                "showDiff": true,
                "actual": "error",
                "expected": "success",
                "operator": "strictEqual",
                "stack": "AssertionError: expected 'error' to equal 'success'\n    at should.equal (node_modules/chai/lib/chai/interface/should.js:98:35)\n    at Context.<anonymous> (file:///home/runner/work/vc-test-suite-template/vc-test-suite-template/tests/test-runner.js:41:18)"
              }
            },
            {
              "type": "test",
              "title": "Requirement 3: The credential must have a valid issuance date (Invalid)",
              "body": "async function() {\n          if (!features[requiredFeature]) {\n            console.log(`Skipping test \"${testName}\" for ${i.name} due to missing feature: ${requiredFeature}`);\n            this.skip();\n            return;\n          }\n\n          console.log(`Running test: ${testName} for implementation: ${i.name}`);\n          await generateTestResults(i.name, testConfig);\n          this.test.cell = {columnId: i.name, rowId: testName};\n          const result = await checkTestResults(i.name, testConfig);\n          console.log(`Test result for ${i.name} - ${testName}: ${result}`);\n          should.equal(result, testConfig.expected_result);\n\n          // Log the test result in a format that matches the report generator's expectations\n          console.log(`Reporter data: ${this.test.cell.columnId},${this.test.cell.rowId},${result}`);\n        }",
              "async": 0,
              "sync": true,
              "_timeout": 150000,
              "_slow": 75,
              "_retries": -1,
              "timedOut": false,
              "_currentRetry": 0,
              "pending": false,
              "file": "/home/runner/work/vc-test-suite-template/vc-test-suite-template/tests/test-runner.js",
              "parent": "TZkPMYSyz27xBYmPHpfa0",
              "ctx": null,
              "_testId": "urn:uuid:f3373fa2-28d2-4e12-8a92-31bc40d06cc0",
              "_events": {},
              "_eventsCount": 1,
              "timer": {
                "_idleTimeout": -1,
                "_idlePrev": null,
                "_idleNext": null,
                "_idleStart": 1182,
                "_onTimeout": null,
                "_repeat": null,
                "_destroyed": true
              },
              "cell": {
                "columnId": "example-sdk",
                "rowId": "Requirement 3: The credential must have a valid issuance date (Invalid)"
              },
              "duration": 194,
              "state": "failed",
              "err": {
                "name": "AssertionError",
                "message": "expected 'error' to equal 'failure'",
                "showDiff": true,
                "actual": "error",
                "expected": "failure",
                "operator": "strictEqual",
                "stack": "AssertionError: expected 'error' to equal 'failure'\n    at should.equal (node_modules/chai/lib/chai/interface/should.js:98:35)\n    at Context.<anonymous> (file:///home/runner/work/vc-test-suite-template/vc-test-suite-template/tests/test-runner.js:41:18)"
              }
            }
          ],
          "root": false,
          "pending": false,
          "_retries": -1,
          "_beforeEach": [],
          "_beforeAll": [],
          "_afterEach": [],
          "_afterAll": [],
          "_timeout": 150000,
          "_slow": 75,
          "_bail": false,
          "_onlyTests": [],
          "_onlySuites": [],
          "delayed": false,
          "parent": "hjI6MeKCLVQxO43MsO-fH",
          "file": "/home/runner/work/vc-test-suite-template/vc-test-suite-template/tests/test-runner.js",
          "_testId": "urn:uuid:00334cfe-5da7-429d-aa6a-7be6bce92172"
        },
        {
          "title": "example-server",
          "ctx": null,
          "suites": [],
          "tests": [
            {
              "type": "test",
              "title": "Requirement 1: The credential must have a valid identifier (Valid)",
              "body": "async function() {\n          if (!features[requiredFeature]) {\n            console.log(`Skipping test \"${testName}\" for ${i.name} due to missing feature: ${requiredFeature}`);\n            this.skip();\n            return;\n          }\n\n          console.log(`Running test: ${testName} for implementation: ${i.name}`);\n          await generateTestResults(i.name, testConfig);\n          this.test.cell = {columnId: i.name, rowId: testName};\n          const result = await checkTestResults(i.name, testConfig);\n          console.log(`Test result for ${i.name} - ${testName}: ${result}`);\n          should.equal(result, testConfig.expected_result);\n\n          // Log the test result in a format that matches the report generator's expectations\n          console.log(`Reporter data: ${this.test.cell.columnId},${this.test.cell.rowId},${result}`);\n        }",
              "async": 0,
              "sync": true,
              "_timeout": 150000,
              "_slow": 75,
              "_retries": -1,
              "timedOut": false,
              "_currentRetry": 0,
              "pending": false,
              "file": "/home/runner/work/vc-test-suite-template/vc-test-suite-template/tests/test-runner.js",
              "parent": "Zg82u2TD9tM_2yzZRFS0M",
              "ctx": null,
              "_testId": "urn:uuid:32192bdc-9d1c-457d-b2d1-e88a06f32c3b",
              "_events": {},
              "_eventsCount": 1,
              "timer": {
                "_idleTimeout": -1,
                "_idlePrev": null,
                "_idleNext": null,
                "_idleStart": 1372,
                "_onTimeout": null,
                "_repeat": null,
                "_destroyed": true
              },
              "cell": {
                "columnId": "example-server",
                "rowId": "Requirement 1: The credential must have a valid identifier (Valid)"
              },
              "duration": 189,
              "state": "failed",
              "err": {
                "name": "AssertionError",
                "message": "expected 'error' to equal 'success'",
                "showDiff": true,
                "actual": "error",
                "expected": "success",
                "operator": "strictEqual",
                "stack": "AssertionError: expected 'error' to equal 'success'\n    at should.equal (node_modules/chai/lib/chai/interface/should.js:98:35)\n    at Context.<anonymous> (file:///home/runner/work/vc-test-suite-template/vc-test-suite-template/tests/test-runner.js:41:18)"
              }
            },
            {
              "type": "test",
              "title": "Requirement 1: The credential must have a valid identifier (Invalid)",
              "body": "async function() {\n          if (!features[requiredFeature]) {\n            console.log(`Skipping test \"${testName}\" for ${i.name} due to missing feature: ${requiredFeature}`);\n            this.skip();\n            return;\n          }\n\n          console.log(`Running test: ${testName} for implementation: ${i.name}`);\n          await generateTestResults(i.name, testConfig);\n          this.test.cell = {columnId: i.name, rowId: testName};\n          const result = await checkTestResults(i.name, testConfig);\n          console.log(`Test result for ${i.name} - ${testName}: ${result}`);\n          should.equal(result, testConfig.expected_result);\n\n          // Log the test result in a format that matches the report generator's expectations\n          console.log(`Reporter data: ${this.test.cell.columnId},${this.test.cell.rowId},${result}`);\n        }",
              "async": 0,
              "sync": true,
              "_timeout": 150000,
              "_slow": 75,
              "_retries": -1,
              "timedOut": false,
              "_currentRetry": 0,
              "pending": false,
              "file": "/home/runner/work/vc-test-suite-template/vc-test-suite-template/tests/test-runner.js",
              "parent": "Zg82u2TD9tM_2yzZRFS0M",
              "ctx": null,
              "_testId": "urn:uuid:e6d9c905-0b50-49c2-8f13-9f269c5fa92c",
              "_events": {},
              "_eventsCount": 1,
              "timer": {
                "_idleTimeout": -1,
                "_idlePrev": null,
                "_idleNext": null,
                "_idleStart": 1561,
                "_onTimeout": null,
                "_repeat": null,
                "_destroyed": true
              },
              "cell": {
                "columnId": "example-server",
                "rowId": "Requirement 1: The credential must have a valid identifier (Invalid)"
              },
              "duration": 188,
              "state": "failed",
              "err": {
                "name": "AssertionError",
                "message": "expected 'error' to equal 'failure'",
                "showDiff": true,
                "actual": "error",
                "expected": "failure",
                "operator": "strictEqual",
                "stack": "AssertionError: expected 'error' to equal 'failure'\n    at should.equal (node_modules/chai/lib/chai/interface/should.js:98:35)\n    at Context.<anonymous> (file:///home/runner/work/vc-test-suite-template/vc-test-suite-template/tests/test-runner.js:41:18)"
              }
            },
            {
              "type": "test",
              "title": "Requirement 2: The credential must have the correct type (Valid)",
              "body": "async function() {\n          if (!features[requiredFeature]) {\n            console.log(`Skipping test \"${testName}\" for ${i.name} due to missing feature: ${requiredFeature}`);\n            this.skip();\n            return;\n          }\n\n          console.log(`Running test: ${testName} for implementation: ${i.name}`);\n          await generateTestResults(i.name, testConfig);\n          this.test.cell = {columnId: i.name, rowId: testName};\n          const result = await checkTestResults(i.name, testConfig);\n          console.log(`Test result for ${i.name} - ${testName}: ${result}`);\n          should.equal(result, testConfig.expected_result);\n\n          // Log the test result in a format that matches the report generator's expectations\n          console.log(`Reporter data: ${this.test.cell.columnId},${this.test.cell.rowId},${result}`);\n        }",
              "async": 0,
              "sync": true,
              "_timeout": 150000,
              "_slow": 75,
              "_retries": -1,
              "timedOut": false,
              "_currentRetry": 0,
              "pending": true,
              "file": "/home/runner/work/vc-test-suite-template/vc-test-suite-template/tests/test-runner.js",
              "parent": "Zg82u2TD9tM_2yzZRFS0M",
              "ctx": null,
              "_testId": "urn:uuid:8ad7dd8c-9ca9-42a8-9b55-ee25b2270d82",
              "_events": {},
              "_eventsCount": 1,
              "timer": {
                "_idleTimeout": -1,
                "_idlePrev": null,
                "_idleNext": null,
                "_idleStart": 1712,
                "_onTimeout": null,
                "_repeat": null,
                "_destroyed": true
              },
              "duration": 1,
              "state": "pending"
            },
            {
              "type": "test",
              "title": "Requirement 2: The credential must have the correct type (Invalid)",
              "body": "async function() {\n          if (!features[requiredFeature]) {\n            console.log(`Skipping test \"${testName}\" for ${i.name} due to missing feature: ${requiredFeature}`);\n            this.skip();\n            return;\n          }\n\n          console.log(`Running test: ${testName} for implementation: ${i.name}`);\n          await generateTestResults(i.name, testConfig);\n          this.test.cell = {columnId: i.name, rowId: testName};\n          const result = await checkTestResults(i.name, testConfig);\n          console.log(`Test result for ${i.name} - ${testName}: ${result}`);\n          should.equal(result, testConfig.expected_result);\n\n          // Log the test result in a format that matches the report generator's expectations\n          console.log(`Reporter data: ${this.test.cell.columnId},${this.test.cell.rowId},${result}`);\n        }",
              "async": 0,
              "sync": true,
              "_timeout": 150000,
              "_slow": 75,
              "_retries": -1,
              "timedOut": false,
              "_currentRetry": 0,
              "pending": true,
              "file": "/home/runner/work/vc-test-suite-template/vc-test-suite-template/tests/test-runner.js",
              "parent": "Zg82u2TD9tM_2yzZRFS0M",
              "ctx": null,
              "_testId": "urn:uuid:7961ce92-f6bb-4e36-9387-d54c7e32f9bd",
              "_events": {},
              "_eventsCount": 1,
              "timer": {
                "_idleTimeout": -1,
                "_idlePrev": null,
                "_idleNext": null,
                "_idleStart": 1713,
                "_onTimeout": null,
                "_repeat": null,
                "_destroyed": true
              },
              "duration": 0,
              "state": "pending"
            },
            {
              "type": "test",
              "title": "Requirement 3: The credential must have a valid issuance date (Valid)",
              "body": "async function() {\n          if (!features[requiredFeature]) {\n            console.log(`Skipping test \"${testName}\" for ${i.name} due to missing feature: ${requiredFeature}`);\n            this.skip();\n            return;\n          }\n\n          console.log(`Running test: ${testName} for implementation: ${i.name}`);\n          await generateTestResults(i.name, testConfig);\n          this.test.cell = {columnId: i.name, rowId: testName};\n          const result = await checkTestResults(i.name, testConfig);\n          console.log(`Test result for ${i.name} - ${testName}: ${result}`);\n          should.equal(result, testConfig.expected_result);\n\n          // Log the test result in a format that matches the report generator's expectations\n          console.log(`Reporter data: ${this.test.cell.columnId},${this.test.cell.rowId},${result}`);\n        }",
              "async": 0,
              "sync": true,
              "_timeout": 150000,
              "_slow": 75,
              "_retries": -1,
              "timedOut": false,
              "_currentRetry": 0,
              "pending": false,
              "file": "/home/runner/work/vc-test-suite-template/vc-test-suite-template/tests/test-runner.js",
              "parent": "Zg82u2TD9tM_2yzZRFS0M",
              "ctx": null,
              "_testId": "urn:uuid:c1f98e76-12ff-4ba6-95a9-41fc8dcebbfd",
              "_events": {},
              "_eventsCount": 1,
              "timer": {
                "_idleTimeout": -1,
                "_idlePrev": null,
                "_idleNext": null,
                "_idleStart": 1751,
                "_onTimeout": null,
                "_repeat": null,
                "_destroyed": true
              },
              "cell": {
                "columnId": "example-server",
                "rowId": "Requirement 3: The credential must have a valid issuance date (Valid)"
              },
              "duration": 189,
              "state": "failed",
              "err": {
                "name": "AssertionError",
                "message": "expected 'error' to equal 'success'",
                "showDiff": true,
                "actual": "error",
                "expected": "success",
                "operator": "strictEqual",
                "stack": "AssertionError: expected 'error' to equal 'success'\n    at should.equal (node_modules/chai/lib/chai/interface/should.js:98:35)\n    at Context.<anonymous> (file:///home/runner/work/vc-test-suite-template/vc-test-suite-template/tests/test-runner.js:41:18)"
              }
            },
            {
              "type": "test",
              "title": "Requirement 3: The credential must have a valid issuance date (Invalid)",
              "body": "async function() {\n          if (!features[requiredFeature]) {\n            console.log(`Skipping test \"${testName}\" for ${i.name} due to missing feature: ${requiredFeature}`);\n            this.skip();\n            return;\n          }\n\n          console.log(`Running test: ${testName} for implementation: ${i.name}`);\n          await generateTestResults(i.name, testConfig);\n          this.test.cell = {columnId: i.name, rowId: testName};\n          const result = await checkTestResults(i.name, testConfig);\n          console.log(`Test result for ${i.name} - ${testName}: ${result}`);\n          should.equal(result, testConfig.expected_result);\n\n          // Log the test result in a format that matches the report generator's expectations\n          console.log(`Reporter data: ${this.test.cell.columnId},${this.test.cell.rowId},${result}`);\n        }",
              "async": 0,
              "sync": true,
              "_timeout": 150000,
              "_slow": 75,
              "_retries": -1,
              "timedOut": false,
              "_currentRetry": 0,
              "pending": false,
              "file": "/home/runner/work/vc-test-suite-template/vc-test-suite-template/tests/test-runner.js",
              "parent": "Zg82u2TD9tM_2yzZRFS0M",
              "ctx": null,
              "_testId": "urn:uuid:19a26c14-5654-4f49-89d4-feed11871c0f",
              "_events": {},
              "_eventsCount": 1,
              "timer": {
                "_idleTimeout": -1,
                "_idlePrev": null,
                "_idleNext": null,
                "_idleStart": 1941,
                "_onTimeout": null,
                "_repeat": null,
                "_destroyed": true
              },
              "cell": {
                "columnId": "example-server",
                "rowId": "Requirement 3: The credential must have a valid issuance date (Invalid)"
              },
              "duration": 190,
              "state": "failed",
              "err": {
                "name": "AssertionError",
                "message": "expected 'error' to equal 'failure'",
                "showDiff": true,
                "actual": "error",
                "expected": "failure",
                "operator": "strictEqual",
                "stack": "AssertionError: expected 'error' to equal 'failure'\n    at should.equal (node_modules/chai/lib/chai/interface/should.js:98:35)\n    at Context.<anonymous> (file:///home/runner/work/vc-test-suite-template/vc-test-suite-template/tests/test-runner.js:41:18)"
              }
            }
          ],
          "root": false,
          "pending": false,
          "_retries": -1,
          "_beforeEach": [],
          "_beforeAll": [],
          "_afterEach": [],
          "_afterAll": [],
          "_timeout": 150000,
          "_slow": 75,
          "_bail": false,
          "_onlyTests": [],
          "_onlySuites": [],
          "delayed": false,
          "parent": "hjI6MeKCLVQxO43MsO-fH",
          "file": "/home/runner/work/vc-test-suite-template/vc-test-suite-template/tests/test-runner.js",
          "_testId": "urn:uuid:7c6533f2-c717-4ffc-8499-b32e4d762ed6"
        }
      ],
      "tests": [
        {
          "type": "test",
          "title": "Requirement 1: The credential must have a valid identifier (Valid)",
          "body": "async function() {\n          if (!features[requiredFeature]) {\n            console.log(`Skipping test \"${testName}\" for ${i.name} due to missing feature: ${requiredFeature}`);\n            this.skip();\n            return;\n          }\n\n          console.log(`Running test: ${testName} for implementation: ${i.name}`);\n          await generateTestResults(i.name, testConfig);\n          this.test.cell = {columnId: i.name, rowId: testName};\n          const result = await checkTestResults(i.name, testConfig);\n          console.log(`Test result for ${i.name} - ${testName}: ${result}`);\n          should.equal(result, testConfig.expected_result);\n\n          // Log the test result in a format that matches the report generator's expectations\n          console.log(`Reporter data: ${this.test.cell.columnId},${this.test.cell.rowId},${result}`);\n        }",
          "async": 0,
          "sync": true,
          "_timeout": 150000,
          "_slow": 75,
          "_retries": -1,
          "timedOut": false,
          "_currentRetry": 0,
          "pending": false,
          "file": "/home/runner/work/vc-test-suite-template/vc-test-suite-template/tests/test-runner.js",
          "parent": "TZkPMYSyz27xBYmPHpfa0",
          "ctx": null,
          "_testId": "urn:uuid:e0cdacbc-d5af-4e0b-9f75-098507a9f9f8",
          "_events": {},
          "_eventsCount": 1,
          "timer": {
            "_idleTimeout": -1,
            "_idlePrev": null,
            "_idleNext": null,
            "_idleStart": 223,
            "_onTimeout": null,
            "_repeat": null,
            "_destroyed": true
          },
          "cell": {
            "columnId": "example-sdk",
            "rowId": "Requirement 1: The credential must have a valid identifier (Valid)"
          },
          "duration": 196,
          "state": "failed",
          "err": {
            "name": "AssertionError",
            "message": "expected 'error' to equal 'success'",
            "showDiff": true,
            "actual": "error",
            "expected": "success",
            "operator": "strictEqual",
            "stack": "AssertionError: expected 'error' to equal 'success'\n    at should.equal (node_modules/chai/lib/chai/interface/should.js:98:35)\n    at Context.<anonymous> (file:///home/runner/work/vc-test-suite-template/vc-test-suite-template/tests/test-runner.js:41:18)"
          }
        },
        {
          "type": "test",
          "title": "Requirement 1: The credential must have a valid identifier (Invalid)",
          "body": "async function() {\n          if (!features[requiredFeature]) {\n            console.log(`Skipping test \"${testName}\" for ${i.name} due to missing feature: ${requiredFeature}`);\n            this.skip();\n            return;\n          }\n\n          console.log(`Running test: ${testName} for implementation: ${i.name}`);\n          await generateTestResults(i.name, testConfig);\n          this.test.cell = {columnId: i.name, rowId: testName};\n          const result = await checkTestResults(i.name, testConfig);\n          console.log(`Test result for ${i.name} - ${testName}: ${result}`);\n          should.equal(result, testConfig.expected_result);\n\n          // Log the test result in a format that matches the report generator's expectations\n          console.log(`Reporter data: ${this.test.cell.columnId},${this.test.cell.rowId},${result}`);\n        }",
          "async": 0,
          "sync": true,
          "_timeout": 150000,
          "_slow": 75,
          "_retries": -1,
          "timedOut": false,
          "_currentRetry": 0,
          "pending": false,
          "file": "/home/runner/work/vc-test-suite-template/vc-test-suite-template/tests/test-runner.js",
          "parent": "TZkPMYSyz27xBYmPHpfa0",
          "ctx": null,
          "_testId": "urn:uuid:cc0470dc-3017-4afe-8553-f6cc5608a82f",
          "_events": {},
          "_eventsCount": 1,
          "timer": {
            "_idleTimeout": -1,
            "_idlePrev": null,
            "_idleNext": null,
            "_idleStart": 416,
            "_onTimeout": null,
            "_repeat": null,
            "_destroyed": true
          },
          "cell": {
            "columnId": "example-sdk",
            "rowId": "Requirement 1: The credential must have a valid identifier (Invalid)"
          },
          "duration": 190,
          "state": "failed",
          "err": {
            "name": "AssertionError",
            "message": "expected 'error' to equal 'failure'",
            "showDiff": true,
            "actual": "error",
            "expected": "failure",
            "operator": "strictEqual",
            "stack": "AssertionError: expected 'error' to equal 'failure'\n    at should.equal (node_modules/chai/lib/chai/interface/should.js:98:35)\n    at Context.<anonymous> (file:///home/runner/work/vc-test-suite-template/vc-test-suite-template/tests/test-runner.js:41:18)"
          }
        },
        {
          "type": "test",
          "title": "Requirement 2: The credential must have the correct type (Valid)",
          "body": "async function() {\n          if (!features[requiredFeature]) {\n            console.log(`Skipping test \"${testName}\" for ${i.name} due to missing feature: ${requiredFeature}`);\n            this.skip();\n            return;\n          }\n\n          console.log(`Running test: ${testName} for implementation: ${i.name}`);\n          await generateTestResults(i.name, testConfig);\n          this.test.cell = {columnId: i.name, rowId: testName};\n          const result = await checkTestResults(i.name, testConfig);\n          console.log(`Test result for ${i.name} - ${testName}: ${result}`);\n          should.equal(result, testConfig.expected_result);\n\n          // Log the test result in a format that matches the report generator's expectations\n          console.log(`Reporter data: ${this.test.cell.columnId},${this.test.cell.rowId},${result}`);\n        }",
          "async": 0,
          "sync": true,
          "_timeout": 150000,
          "_slow": 75,
          "_retries": -1,
          "timedOut": false,
          "_currentRetry": 0,
          "pending": false,
          "file": "/home/runner/work/vc-test-suite-template/vc-test-suite-template/tests/test-runner.js",
          "parent": "TZkPMYSyz27xBYmPHpfa0",
          "ctx": null,
          "_testId": "urn:uuid:d92b672a-d6aa-466b-a33c-f32cec5a5c71",
          "_events": {},
          "_eventsCount": 1,
          "timer": {
            "_idleTimeout": -1,
            "_idlePrev": null,
            "_idleNext": null,
            "_idleStart": 609,
            "_onTimeout": null,
            "_repeat": null,
            "_destroyed": true
          },
          "cell": {
            "columnId": "example-sdk",
            "rowId": "Requirement 2: The credential must have the correct type (Valid)"
          },
          "duration": 193,
          "state": "failed",
          "err": {
            "name": "AssertionError",
            "message": "expected 'error' to equal 'success'",
            "showDiff": true,
            "actual": "error",
            "expected": "success",
            "operator": "strictEqual",
            "stack": "AssertionError: expected 'error' to equal 'success'\n    at should.equal (node_modules/chai/lib/chai/interface/should.js:98:35)\n    at Context.<anonymous> (file:///home/runner/work/vc-test-suite-template/vc-test-suite-template/tests/test-runner.js:41:18)"
          }
        },
        {
          "type": "test",
          "title": "Requirement 2: The credential must have the correct type (Invalid)",
          "body": "async function() {\n          if (!features[requiredFeature]) {\n            console.log(`Skipping test \"${testName}\" for ${i.name} due to missing feature: ${requiredFeature}`);\n            this.skip();\n            return;\n          }\n\n          console.log(`Running test: ${testName} for implementation: ${i.name}`);\n          await generateTestResults(i.name, testConfig);\n          this.test.cell = {columnId: i.name, rowId: testName};\n          const result = await checkTestResults(i.name, testConfig);\n          console.log(`Test result for ${i.name} - ${testName}: ${result}`);\n          should.equal(result, testConfig.expected_result);\n\n          // Log the test result in a format that matches the report generator's expectations\n          console.log(`Reporter data: ${this.test.cell.columnId},${this.test.cell.rowId},${result}`);\n        }",
          "async": 0,
          "sync": true,
          "_timeout": 150000,
          "_slow": 75,
          "_retries": -1,
          "timedOut": false,
          "_currentRetry": 0,
          "pending": false,
          "file": "/home/runner/work/vc-test-suite-template/vc-test-suite-template/tests/test-runner.js",
          "parent": "TZkPMYSyz27xBYmPHpfa0",
          "ctx": null,
          "_testId": "urn:uuid:4c98eb6a-9fbd-440a-aef6-69506a311320",
          "_events": {},
          "_eventsCount": 1,
          "timer": {
            "_idleTimeout": -1,
            "_idlePrev": null,
            "_idleNext": null,
            "_idleStart": 798,
            "_onTimeout": null,
            "_repeat": null,
            "_destroyed": true
          },
          "cell": {
            "columnId": "example-sdk",
            "rowId": "Requirement 2: The credential must have the correct type (Invalid)"
          },
          "duration": 189,
          "state": "failed",
          "err": {
            "name": "AssertionError",
            "message": "expected 'error' to equal 'failure'",
            "showDiff": true,
            "actual": "error",
            "expected": "failure",
            "operator": "strictEqual",
            "stack": "AssertionError: expected 'error' to equal 'failure'\n    at should.equal (node_modules/chai/lib/chai/interface/should.js:98:35)\n    at Context.<anonymous> (file:///home/runner/work/vc-test-suite-template/vc-test-suite-template/tests/test-runner.js:41:18)"
          }
        },
        {
          "type": "test",
          "title": "Requirement 3: The credential must have a valid issuance date (Valid)",
          "body": "async function() {\n          if (!features[requiredFeature]) {\n            console.log(`Skipping test \"${testName}\" for ${i.name} due to missing feature: ${requiredFeature}`);\n            this.skip();\n            return;\n          }\n\n          console.log(`Running test: ${testName} for implementation: ${i.name}`);\n          await generateTestResults(i.name, testConfig);\n          this.test.cell = {columnId: i.name, rowId: testName};\n          const result = await checkTestResults(i.name, testConfig);\n          console.log(`Test result for ${i.name} - ${testName}: ${result}`);\n          should.equal(result, testConfig.expected_result);\n\n          // Log the test result in a format that matches the report generator's expectations\n          console.log(`Reporter data: ${this.test.cell.columnId},${this.test.cell.rowId},${result}`);\n        }",
          "async": 0,
          "sync": true,
          "_timeout": 150000,
          "_slow": 75,
          "_retries": -1,
          "timedOut": false,
          "_currentRetry": 0,
          "pending": false,
          "file": "/home/runner/work/vc-test-suite-template/vc-test-suite-template/tests/test-runner.js",
          "parent": "TZkPMYSyz27xBYmPHpfa0",
          "ctx": null,
          "_testId": "urn:uuid:a0cdae2b-7466-4de9-a9cd-b3b50088672d",
          "_events": {},
          "_eventsCount": 1,
          "timer": {
            "_idleTimeout": -1,
            "_idlePrev": null,
            "_idleNext": null,
            "_idleStart": 986,
            "_onTimeout": null,
            "_repeat": null,
            "_destroyed": true
          },
          "cell": {
            "columnId": "example-sdk",
            "rowId": "Requirement 3: The credential must have a valid issuance date (Valid)"
          },
          "duration": 189,
          "state": "failed",
          "err": {
            "name": "AssertionError",
            "message": "expected 'error' to equal 'success'",
            "showDiff": true,
            "actual": "error",
            "expected": "success",
            "operator": "strictEqual",
            "stack": "AssertionError: expected 'error' to equal 'success'\n    at should.equal (node_modules/chai/lib/chai/interface/should.js:98:35)\n    at Context.<anonymous> (file:///home/runner/work/vc-test-suite-template/vc-test-suite-template/tests/test-runner.js:41:18)"
          }
        },
        {
          "type": "test",
          "title": "Requirement 3: The credential must have a valid issuance date (Invalid)",
          "body": "async function() {\n          if (!features[requiredFeature]) {\n            console.log(`Skipping test \"${testName}\" for ${i.name} due to missing feature: ${requiredFeature}`);\n            this.skip();\n            return;\n          }\n\n          console.log(`Running test: ${testName} for implementation: ${i.name}`);\n          await generateTestResults(i.name, testConfig);\n          this.test.cell = {columnId: i.name, rowId: testName};\n          const result = await checkTestResults(i.name, testConfig);\n          console.log(`Test result for ${i.name} - ${testName}: ${result}`);\n          should.equal(result, testConfig.expected_result);\n\n          // Log the test result in a format that matches the report generator's expectations\n          console.log(`Reporter data: ${this.test.cell.columnId},${this.test.cell.rowId},${result}`);\n        }",
          "async": 0,
          "sync": true,
          "_timeout": 150000,
          "_slow": 75,
          "_retries": -1,
          "timedOut": false,
          "_currentRetry": 0,
          "pending": false,
          "file": "/home/runner/work/vc-test-suite-template/vc-test-suite-template/tests/test-runner.js",
          "parent": "TZkPMYSyz27xBYmPHpfa0",
          "ctx": null,
          "_testId": "urn:uuid:f3373fa2-28d2-4e12-8a92-31bc40d06cc0",
          "_events": {},
          "_eventsCount": 1,
          "timer": {
            "_idleTimeout": -1,
            "_idlePrev": null,
            "_idleNext": null,
            "_idleStart": 1182,
            "_onTimeout": null,
            "_repeat": null,
            "_destroyed": true
          },
          "cell": {
            "columnId": "example-sdk",
            "rowId": "Requirement 3: The credential must have a valid issuance date (Invalid)"
          },
          "duration": 194,
          "state": "failed",
          "err": {
            "name": "AssertionError",
            "message": "expected 'error' to equal 'failure'",
            "showDiff": true,
            "actual": "error",
            "expected": "failure",
            "operator": "strictEqual",
            "stack": "AssertionError: expected 'error' to equal 'failure'\n    at should.equal (node_modules/chai/lib/chai/interface/should.js:98:35)\n    at Context.<anonymous> (file:///home/runner/work/vc-test-suite-template/vc-test-suite-template/tests/test-runner.js:41:18)"
          }
        },
        {
          "type": "test",
          "title": "Requirement 1: The credential must have a valid identifier (Valid)",
          "body": "async function() {\n          if (!features[requiredFeature]) {\n            console.log(`Skipping test \"${testName}\" for ${i.name} due to missing feature: ${requiredFeature}`);\n            this.skip();\n            return;\n          }\n\n          console.log(`Running test: ${testName} for implementation: ${i.name}`);\n          await generateTestResults(i.name, testConfig);\n          this.test.cell = {columnId: i.name, rowId: testName};\n          const result = await checkTestResults(i.name, testConfig);\n          console.log(`Test result for ${i.name} - ${testName}: ${result}`);\n          should.equal(result, testConfig.expected_result);\n\n          // Log the test result in a format that matches the report generator's expectations\n          console.log(`Reporter data: ${this.test.cell.columnId},${this.test.cell.rowId},${result}`);\n        }",
          "async": 0,
          "sync": true,
          "_timeout": 150000,
          "_slow": 75,
          "_retries": -1,
          "timedOut": false,
          "_currentRetry": 0,
          "pending": false,
          "file": "/home/runner/work/vc-test-suite-template/vc-test-suite-template/tests/test-runner.js",
          "parent": "Zg82u2TD9tM_2yzZRFS0M",
          "ctx": null,
          "_testId": "urn:uuid:32192bdc-9d1c-457d-b2d1-e88a06f32c3b",
          "_events": {},
          "_eventsCount": 1,
          "timer": {
            "_idleTimeout": -1,
            "_idlePrev": null,
            "_idleNext": null,
            "_idleStart": 1372,
            "_onTimeout": null,
            "_repeat": null,
            "_destroyed": true
          },
          "cell": {
            "columnId": "example-server",
            "rowId": "Requirement 1: The credential must have a valid identifier (Valid)"
          },
          "duration": 189,
          "state": "failed",
          "err": {
            "name": "AssertionError",
            "message": "expected 'error' to equal 'success'",
            "showDiff": true,
            "actual": "error",
            "expected": "success",
            "operator": "strictEqual",
            "stack": "AssertionError: expected 'error' to equal 'success'\n    at should.equal (node_modules/chai/lib/chai/interface/should.js:98:35)\n    at Context.<anonymous> (file:///home/runner/work/vc-test-suite-template/vc-test-suite-template/tests/test-runner.js:41:18)"
          }
        },
        {
          "type": "test",
          "title": "Requirement 1: The credential must have a valid identifier (Invalid)",
          "body": "async function() {\n          if (!features[requiredFeature]) {\n            console.log(`Skipping test \"${testName}\" for ${i.name} due to missing feature: ${requiredFeature}`);\n            this.skip();\n            return;\n          }\n\n          console.log(`Running test: ${testName} for implementation: ${i.name}`);\n          await generateTestResults(i.name, testConfig);\n          this.test.cell = {columnId: i.name, rowId: testName};\n          const result = await checkTestResults(i.name, testConfig);\n          console.log(`Test result for ${i.name} - ${testName}: ${result}`);\n          should.equal(result, testConfig.expected_result);\n\n          // Log the test result in a format that matches the report generator's expectations\n          console.log(`Reporter data: ${this.test.cell.columnId},${this.test.cell.rowId},${result}`);\n        }",
          "async": 0,
          "sync": true,
          "_timeout": 150000,
          "_slow": 75,
          "_retries": -1,
          "timedOut": false,
          "_currentRetry": 0,
          "pending": false,
          "file": "/home/runner/work/vc-test-suite-template/vc-test-suite-template/tests/test-runner.js",
          "parent": "Zg82u2TD9tM_2yzZRFS0M",
          "ctx": null,
          "_testId": "urn:uuid:e6d9c905-0b50-49c2-8f13-9f269c5fa92c",
          "_events": {},
          "_eventsCount": 1,
          "timer": {
            "_idleTimeout": -1,
            "_idlePrev": null,
            "_idleNext": null,
            "_idleStart": 1561,
            "_onTimeout": null,
            "_repeat": null,
            "_destroyed": true
          },
          "cell": {
            "columnId": "example-server",
            "rowId": "Requirement 1: The credential must have a valid identifier (Invalid)"
          },
          "duration": 188,
          "state": "failed",
          "err": {
            "name": "AssertionError",
            "message": "expected 'error' to equal 'failure'",
            "showDiff": true,
            "actual": "error",
            "expected": "failure",
            "operator": "strictEqual",
            "stack": "AssertionError: expected 'error' to equal 'failure'\n    at should.equal (node_modules/chai/lib/chai/interface/should.js:98:35)\n    at Context.<anonymous> (file:///home/runner/work/vc-test-suite-template/vc-test-suite-template/tests/test-runner.js:41:18)"
          }
        },
        {
          "type": "test",
          "title": "Requirement 2: The credential must have the correct type (Valid)",
          "body": "async function() {\n          if (!features[requiredFeature]) {\n            console.log(`Skipping test \"${testName}\" for ${i.name} due to missing feature: ${requiredFeature}`);\n            this.skip();\n            return;\n          }\n\n          console.log(`Running test: ${testName} for implementation: ${i.name}`);\n          await generateTestResults(i.name, testConfig);\n          this.test.cell = {columnId: i.name, rowId: testName};\n          const result = await checkTestResults(i.name, testConfig);\n          console.log(`Test result for ${i.name} - ${testName}: ${result}`);\n          should.equal(result, testConfig.expected_result);\n\n          // Log the test result in a format that matches the report generator's expectations\n          console.log(`Reporter data: ${this.test.cell.columnId},${this.test.cell.rowId},${result}`);\n        }",
          "async": 0,
          "sync": true,
          "_timeout": 150000,
          "_slow": 75,
          "_retries": -1,
          "timedOut": false,
          "_currentRetry": 0,
          "pending": true,
          "file": "/home/runner/work/vc-test-suite-template/vc-test-suite-template/tests/test-runner.js",
          "parent": "Zg82u2TD9tM_2yzZRFS0M",
          "ctx": null,
          "_testId": "urn:uuid:8ad7dd8c-9ca9-42a8-9b55-ee25b2270d82",
          "_events": {},
          "_eventsCount": 1,
          "timer": {
            "_idleTimeout": -1,
            "_idlePrev": null,
            "_idleNext": null,
            "_idleStart": 1712,
            "_onTimeout": null,
            "_repeat": null,
            "_destroyed": true
          },
          "duration": 1,
          "state": "pending"
        },
        {
          "type": "test",
          "title": "Requirement 2: The credential must have the correct type (Invalid)",
          "body": "async function() {\n          if (!features[requiredFeature]) {\n            console.log(`Skipping test \"${testName}\" for ${i.name} due to missing feature: ${requiredFeature}`);\n            this.skip();\n            return;\n          }\n\n          console.log(`Running test: ${testName} for implementation: ${i.name}`);\n          await generateTestResults(i.name, testConfig);\n          this.test.cell = {columnId: i.name, rowId: testName};\n          const result = await checkTestResults(i.name, testConfig);\n          console.log(`Test result for ${i.name} - ${testName}: ${result}`);\n          should.equal(result, testConfig.expected_result);\n\n          // Log the test result in a format that matches the report generator's expectations\n          console.log(`Reporter data: ${this.test.cell.columnId},${this.test.cell.rowId},${result}`);\n        }",
          "async": 0,
          "sync": true,
          "_timeout": 150000,
          "_slow": 75,
          "_retries": -1,
          "timedOut": false,
          "_currentRetry": 0,
          "pending": true,
          "file": "/home/runner/work/vc-test-suite-template/vc-test-suite-template/tests/test-runner.js",
          "parent": "Zg82u2TD9tM_2yzZRFS0M",
          "ctx": null,
          "_testId": "urn:uuid:7961ce92-f6bb-4e36-9387-d54c7e32f9bd",
          "_events": {},
          "_eventsCount": 1,
          "timer": {
            "_idleTimeout": -1,
            "_idlePrev": null,
            "_idleNext": null,
            "_idleStart": 1713,
            "_onTimeout": null,
            "_repeat": null,
            "_destroyed": true
          },
          "duration": 0,
          "state": "pending"
        },
        {
          "type": "test",
          "title": "Requirement 3: The credential must have a valid issuance date (Valid)",
          "body": "async function() {\n          if (!features[requiredFeature]) {\n            console.log(`Skipping test \"${testName}\" for ${i.name} due to missing feature: ${requiredFeature}`);\n            this.skip();\n            return;\n          }\n\n          console.log(`Running test: ${testName} for implementation: ${i.name}`);\n          await generateTestResults(i.name, testConfig);\n          this.test.cell = {columnId: i.name, rowId: testName};\n          const result = await checkTestResults(i.name, testConfig);\n          console.log(`Test result for ${i.name} - ${testName}: ${result}`);\n          should.equal(result, testConfig.expected_result);\n\n          // Log the test result in a format that matches the report generator's expectations\n          console.log(`Reporter data: ${this.test.cell.columnId},${this.test.cell.rowId},${result}`);\n        }",
          "async": 0,
          "sync": true,
          "_timeout": 150000,
          "_slow": 75,
          "_retries": -1,
          "timedOut": false,
          "_currentRetry": 0,
          "pending": false,
          "file": "/home/runner/work/vc-test-suite-template/vc-test-suite-template/tests/test-runner.js",
          "parent": "Zg82u2TD9tM_2yzZRFS0M",
          "ctx": null,
          "_testId": "urn:uuid:c1f98e76-12ff-4ba6-95a9-41fc8dcebbfd",
          "_events": {},
          "_eventsCount": 1,
          "timer": {
            "_idleTimeout": -1,
            "_idlePrev": null,
            "_idleNext": null,
            "_idleStart": 1751,
            "_onTimeout": null,
            "_repeat": null,
            "_destroyed": true
          },
          "cell": {
            "columnId": "example-server",
            "rowId": "Requirement 3: The credential must have a valid issuance date (Valid)"
          },
          "duration": 189,
          "state": "failed",
          "err": {
            "name": "AssertionError",
            "message": "expected 'error' to equal 'success'",
            "showDiff": true,
            "actual": "error",
            "expected": "success",
            "operator": "strictEqual",
            "stack": "AssertionError: expected 'error' to equal 'success'\n    at should.equal (node_modules/chai/lib/chai/interface/should.js:98:35)\n    at Context.<anonymous> (file:///home/runner/work/vc-test-suite-template/vc-test-suite-template/tests/test-runner.js:41:18)"
          }
        },
        {
          "type": "test",
          "title": "Requirement 3: The credential must have a valid issuance date (Invalid)",
          "body": "async function() {\n          if (!features[requiredFeature]) {\n            console.log(`Skipping test \"${testName}\" for ${i.name} due to missing feature: ${requiredFeature}`);\n            this.skip();\n            return;\n          }\n\n          console.log(`Running test: ${testName} for implementation: ${i.name}`);\n          await generateTestResults(i.name, testConfig);\n          this.test.cell = {columnId: i.name, rowId: testName};\n          const result = await checkTestResults(i.name, testConfig);\n          console.log(`Test result for ${i.name} - ${testName}: ${result}`);\n          should.equal(result, testConfig.expected_result);\n\n          // Log the test result in a format that matches the report generator's expectations\n          console.log(`Reporter data: ${this.test.cell.columnId},${this.test.cell.rowId},${result}`);\n        }",
          "async": 0,
          "sync": true,
          "_timeout": 150000,
          "_slow": 75,
          "_retries": -1,
          "timedOut": false,
          "_currentRetry": 0,
          "pending": false,
          "file": "/home/runner/work/vc-test-suite-template/vc-test-suite-template/tests/test-runner.js",
          "parent": "Zg82u2TD9tM_2yzZRFS0M",
          "ctx": null,
          "_testId": "urn:uuid:19a26c14-5654-4f49-89d4-feed11871c0f",
          "_events": {},
          "_eventsCount": 1,
          "timer": {
            "_idleTimeout": -1,
            "_idlePrev": null,
            "_idleNext": null,
            "_idleStart": 1941,
            "_onTimeout": null,
            "_repeat": null,
            "_destroyed": true
          },
          "cell": {
            "columnId": "example-server",
            "rowId": "Requirement 3: The credential must have a valid issuance date (Invalid)"
          },
          "duration": 190,
          "state": "failed",
          "err": {
            "name": "AssertionError",
            "message": "expected 'error' to equal 'failure'",
            "showDiff": true,
            "actual": "error",
            "expected": "failure",
            "operator": "strictEqual",
            "stack": "AssertionError: expected 'error' to equal 'failure'\n    at should.equal (node_modules/chai/lib/chai/interface/should.js:98:35)\n    at Context.<anonymous> (file:///home/runner/work/vc-test-suite-template/vc-test-suite-template/tests/test-runner.js:41:18)"
          }
        }
      ],
      "root": false,
      "pending": false,
      "_retries": -1,
      "_beforeEach": [],
      "_beforeAll": [],
      "_afterEach": [],
      "_afterAll": [],
      "_timeout": 150000,
      "_slow": 75,
      "_bail": false,
      "_onlyTests": [],
      "_onlySuites": [],
      "delayed": false,
      "parent": "vP_f1V23PLvUnmvwZwSKp",
      "file": "/home/runner/work/vc-test-suite-template/vc-test-suite-template/tests/test-runner.js",
      "matrix": true,
      "report": true,
      "implemented": [
        "example-sdk",
        "example-server"
      ],
      "rowLabel": "Test Name",
      "columnLabel": "Implementation",
      "_testId": "urn:uuid:0b1334c9-d3fc-4bef-9ccb-62dd5c5a0139"
    }
  ],
  "tests": [],
  "root": true,
  "pending": false,
  "_retries": -1,
  "_beforeEach": [],
  "_beforeAll": [],
  "_afterEach": [],
  "_afterAll": [],
  "_timeout": 150000,
  "_slow": 75,
  "_bail": false,
  "_onlyTests": [],
  "_onlySuites": [],
  "delayed": false,
  "_events": {
    "pre-require": [
      null,
      null
    ]
  },
  "_eventsCount": 1,
  "_testId": "urn:uuid:a51af677-8ef0-4871-b40a-e1d6eabd0484"
}